[    0.000000] Linux version 4.15.0-58-generic (buildd@lcy01-amd64-013) (gcc version 7.4.0 (Ubuntu 7.4.0-1ubuntu1~18.04.1)) #64-Ubuntu SMP Tue Aug 6 11:12:41 UTC 2019 (Ubuntu 4.15.0-58.64-generic 4.15.18)
[    0.000000] Command line: BOOT_IMAGE=/boot/vmlinuz-4.15.0-58-generic root=LABEL=cloudimg-rootfs ro console=tty1 console=ttyS0
[    0.000000] KERNEL supported cpus:
[    0.000000]   Intel GenuineIntel
[    0.000000]   AMD AuthenticAMD
[    0.000000]   Centaur CentaurHauls
[    0.000000] x86/fpu: Supporting XSAVE feature 0x001: 'x87 floating point registers'
[    0.000000] x86/fpu: Supporting XSAVE feature 0x002: 'SSE registers'
[    0.000000] x86/fpu: Supporting XSAVE feature 0x004: 'AVX registers'
[    0.000000] x86/fpu: xstate_offset[2]:  576, xstate_sizes[2]:  256
[    0.000000] x86/fpu: Enabled xstate features 0x7, context size is 832 bytes, using 'standard' format.
[    0.000000] e820: BIOS-provided physical RAM map:
[    0.000000] BIOS-e820: [mem 0x0000000000000000-0x000000000009fbff] usable
[    0.000000] BIOS-e820: [mem 0x000000000009fc00-0x000000000009ffff] reserved
[    0.000000] BIOS-e820: [mem 0x00000000000f0000-0x00000000000fffff] reserved
[    0.000000] BIOS-e820: [mem 0x0000000000100000-0x000000003ffeffff] usable
[    0.000000] BIOS-e820: [mem 0x000000003fff0000-0x000000003fffffff] ACPI data
[    0.000000] BIOS-e820: [mem 0x00000000fec00000-0x00000000fec00fff] reserved
[    0.000000] BIOS-e820: [mem 0x00000000fee00000-0x00000000fee00fff] reserved
[    0.000000] BIOS-e820: [mem 0x00000000fffc0000-0x00000000ffffffff] reserved
[    0.000000] NX (Execute Disable) protection: active
[    0.000000] SMBIOS 2.5 present.
[    0.000000] DMI: innotek GmbH VirtualBox/VirtualBox, BIOS VirtualBox 12/01/2006
[    0.000000] Hypervisor detected: KVM
[    0.000000] e820: last_pfn = 0x3fff0 max_arch_pfn = 0x400000000
[    0.000000] MTRR: Disabled
[    0.000000] x86/PAT: MTRRs disabled, skipping PAT initialization too.
[    0.000000] CPU MTRRs all blank - virtualized system.
[    0.000000] x86/PAT: Configuration [0-7]: WB  WT  UC- UC  WB  WT  UC- UC  
[    0.000000] found SMP MP-table at [mem 0x0009fff0-0x0009ffff] mapped at [        (ptrval)]
[    0.000000] Scanning 1 areas for low memory corruption
[    0.000000] RAMDISK: [mem 0x35a8f000-0x36d3efff]
[    0.000000] ACPI: Early table checksum verification disabled
[    0.000000] ACPI: RSDP 0x00000000000E0000 000024 (v02 VBOX  )
[    0.000000] ACPI: XSDT 0x000000003FFF0030 00003C (v01 VBOX   VBOXXSDT 00000001 ASL  00000061)
[    0.000000] ACPI: FACP 0x000000003FFF00F0 0000F4 (v04 VBOX   VBOXFACP 00000001 ASL  00000061)
[    0.000000] ACPI: DSDT 0x000000003FFF0470 0022EA (v02 VBOX   VBOXBIOS 00000002 INTL 20100528)
[    0.000000] ACPI: FACS 0x000000003FFF0200 000040
[    0.000000] ACPI: FACS 0x000000003FFF0200 000040
[    0.000000] ACPI: APIC 0x000000003FFF0240 00005C (v02 VBOX   VBOXAPIC 00000001 ASL  00000061)
[    0.000000] ACPI: SSDT 0x000000003FFF02A0 0001CC (v01 VBOX   VBOXCPUT 00000002 INTL 20100528)
[    0.000000] No NUMA configuration found
[    0.000000] Faking a node at [mem 0x0000000000000000-0x000000003ffeffff]
[    0.000000] NODE_DATA(0) allocated [mem 0x3ffc5000-0x3ffeffff]
[    0.000000] kvm-clock: cpu 0, msr 0:3ff44001, primary cpu clock
[    0.000000] kvm-clock: Using msrs 4b564d01 and 4b564d00
[    0.000000] kvm-clock: using sched offset of 11336740329 cycles
[    0.000000] clocksource: kvm-clock: mask: 0xffffffffffffffff max_cycles: 0x1cd42e4dffb, max_idle_ns: 881590591483 ns
[    0.000000] Zone ranges:
[    0.000000]   DMA      [mem 0x0000000000001000-0x0000000000ffffff]
[    0.000000]   DMA32    [mem 0x0000000001000000-0x000000003ffeffff]
[    0.000000]   Normal   empty
[    0.000000]   Device   empty
[    0.000000] Movable zone start for each node
[    0.000000] Early memory node ranges
[    0.000000]   node   0: [mem 0x0000000000001000-0x000000000009efff]
[    0.000000]   node   0: [mem 0x0000000000100000-0x000000003ffeffff]
[    0.000000] Reserved but unavailable: 98 pages
[    0.000000] Initmem setup node 0 [mem 0x0000000000001000-0x000000003ffeffff]
[    0.000000] ACPI: PM-Timer IO Port: 0x4008
[    0.000000] IOAPIC[0]: apic_id 2, version 32, address 0xfec00000, GSI 0-23
[    0.000000] ACPI: INT_SRC_OVR (bus 0 bus_irq 0 global_irq 2 dfl dfl)
[    0.000000] ACPI: INT_SRC_OVR (bus 0 bus_irq 9 global_irq 9 low level)
[    0.000000] Using ACPI (MADT) for SMP configuration information
[    0.000000] smpboot: Allowing 2 CPUs, 0 hotplug CPUs
[    0.000000] PM: Registered nosave memory: [mem 0x00000000-0x00000fff]
[    0.000000] PM: Registered nosave memory: [mem 0x0009f000-0x0009ffff]
[    0.000000] PM: Registered nosave memory: [mem 0x000a0000-0x000effff]
[    0.000000] PM: Registered nosave memory: [mem 0x000f0000-0x000fffff]
[    0.000000] e820: [mem 0x40000000-0xfebfffff] available for PCI devices
[    0.000000] Booting paravirtualized kernel on KVM
[    0.000000] clocksource: refined-jiffies: mask: 0xffffffff max_cycles: 0xffffffff, max_idle_ns: 7645519600211568 ns
[    0.000000] random: get_random_bytes called from start_kernel+0x99/0x4fd with crng_init=0
[    0.000000] setup_percpu: NR_CPUS:8192 nr_cpumask_bits:2 nr_cpu_ids:2 nr_node_ids:1
[    0.000000] percpu: Embedded 46 pages/cpu @        (ptrval) s151552 r8192 d28672 u1048576
[    0.000000] PV qspinlock hash table entries: 256 (order: 0, 4096 bytes)
[    0.000000] Built 1 zonelists, mobility grouping on.  Total pages: 257913
[    0.000000] Policy zone: DMA32
[    0.000000] Kernel command line: BOOT_IMAGE=/boot/vmlinuz-4.15.0-58-generic root=LABEL=cloudimg-rootfs ro console=tty1 console=ttyS0
[    0.000000] Memory: 983460K/1048120K available (12300K kernel code, 2478K rwdata, 4280K rodata, 2424K init, 2384K bss, 64660K reserved, 0K cma-reserved)
[    0.000000] SLUB: HWalign=64, Order=0-3, MinObjects=0, CPUs=2, Nodes=1
[    0.000000] Kernel/User page tables isolation: enabled
[    0.000000] ftrace: allocating 39243 entries in 154 pages
[    0.004000] Hierarchical RCU implementation.
[    0.004000] 	RCU restricting CPUs from NR_CPUS=8192 to nr_cpu_ids=2.
[    0.004000] 	Tasks RCU enabled.
[    0.004000] RCU: Adjusting geometry for rcu_fanout_leaf=16, nr_cpu_ids=2
[    0.004000] NR_IRQS: 524544, nr_irqs: 440, preallocated irqs: 16
[    0.004000] Console: colour VGA+ 80x25
[    0.004000] console [tty1] enabled
[    0.004000] console [ttyS0] enabled
[    0.004000] ACPI: Core revision 20170831
[    0.004000] ACPI: 2 ACPI AML tables successfully acquired and loaded
[    0.004000] APIC: Switch to symmetric I/O mode setup
[    0.004000] x2apic enabled
[    0.004000] Switched APIC routing to physical x2apic.
[    0.004000] ..TIMER: vector=0x30 apic1=0 pin1=2 apic2=-1 pin2=-1
[    0.004000] tsc: Detected 2593.996 MHz processor
[    0.004010] Calibrating delay loop (skipped) preset value.. 5187.99 BogoMIPS (lpj=10375984)
[    0.005177] pid_max: default: 32768 minimum: 301
[    0.005910] Security Framework initialized
[    0.006563] Yama: becoming mindful.
[    0.007102] AppArmor: AppArmor initialized
[    0.009068] Dentry cache hash table entries: 131072 (order: 8, 1048576 bytes)
[    0.010071] Inode-cache hash table entries: 65536 (order: 7, 524288 bytes)
[    0.010989] Mount-cache hash table entries: 2048 (order: 2, 16384 bytes)
[    0.011868] Mountpoint-cache hash table entries: 2048 (order: 2, 16384 bytes)
[    0.012225] mce: CPU supports 0 MCE banks
[    0.012805] Last level iTLB entries: 4KB 1024, 2MB 1024, 4MB 1024
[    0.013610] Last level dTLB entries: 4KB 1024, 2MB 1024, 4MB 1024, 1GB 4
[    0.016003] Spectre V1 : Mitigation: usercopy/swapgs barriers and __user pointer sanitization
[    0.017158] Spectre V2 : Mitigation: Full generic retpoline
[    0.017893] Spectre V2 : Spectre v2 / SpectreRSB mitigation: Filling RSB on context switch
[    0.018996] Speculative Store Bypass: Vulnerable
[    0.019687] MDS: Vulnerable: Clear CPU buffers attempted, no microcode
[    0.020088] Freeing SMP alternatives memory: 36K
[    0.024000] smpboot: CPU0: Intel(R) Core(TM) i5-4300M CPU @ 2.60GHz (family: 0x6, model: 0x3c, stepping: 0x3)
[    0.024000] Performance Events: unsupported p6 CPU model 60 no PMU driver, software events only.
[    0.024000] Hierarchical SRCU implementation.
[    0.024000] NMI watchdog: Perf event create on CPU 0 failed with -2
[    0.024003] NMI watchdog: Perf NMI watchdog permanently disabled
[    0.024854] smp: Bringing up secondary CPUs ...
[    0.025558] x86: Booting SMP configuration:
[    0.026142] .... node  #0, CPUs:      #1
[    0.004000] kvm-clock: cpu 1, msr 0:3ff44041, secondary cpu clock
[    0.004000] mce: CPU supports 0 MCE banks
[    0.030687] smp: Brought up 1 node, 2 CPUs
[    0.030687] smpboot: Max logical packages: 1
[    0.030687] smpboot: Total of 2 processors activated (10375.98 BogoMIPS)
[    0.032111] devtmpfs: initialized
[    0.032533] x86/mm: Memory block size: 128MB
[    0.033252] evm: security.selinux
[    0.033734] evm: security.SMACK64
[    0.034218] evm: security.SMACK64EXEC
[    0.034733] evm: security.SMACK64TRANSMUTE
[    0.036003] evm: security.SMACK64MMAP
[    0.036521] evm: security.apparmor
[    0.037040] evm: security.ima
[    0.037492] evm: security.capability
[    0.038046] clocksource: jiffies: mask: 0xffffffff max_cycles: 0xffffffff, max_idle_ns: 7645041785100000 ns
[    0.038046] futex hash table entries: 512 (order: 3, 32768 bytes)
[    0.040049] pinctrl core: initialized pinctrl subsystem
[    0.041823] RTC time: 11:53:55, date: 08/17/19
[    0.042602] NET: Registered protocol family 16
[    0.043291] audit: initializing netlink subsys (disabled)
[    0.044042] audit: type=2000 audit(1566042848.237:1): state=initialized audit_enabled=0 res=1
[    0.045200] cpuidle: using governor ladder
[    0.045200] cpuidle: using governor menu
[    0.045211] ACPI: bus type PCI registered
[    0.045788] acpiphp: ACPI Hot Plug PCI Controller Driver version: 0.5
[    0.048092] PCI: Using configuration type 1 for base access
[    0.048934] HugeTLB registered 2.00 MiB page size, pre-allocated 0 pages
[    0.052069] ACPI: Added _OSI(Module Device)
[    0.052676] ACPI: Added _OSI(Processor Device)
[    0.053285] ACPI: Added _OSI(3.0 _SCP Extensions)
[    0.053921] ACPI: Added _OSI(Processor Aggregator Device)
[    0.054660] ACPI: Added _OSI(Linux-Dell-Video)
[    0.055283] ACPI: Added _OSI(Linux-Lenovo-NV-HDMI-Audio)
[    0.056000] ACPI: Added _OSI(Linux-HPI-Hybrid-Graphics)
[    0.056267] ACPI: Executed 1 blocks of module-level executable AML code
[    0.061494] ACPI: Interpreter enabled
[    0.062025] ACPI: (supports S0 S5)
[    0.062515] ACPI: Using IOAPIC for interrupt routing
[    0.063398] PCI: Using host bridge windows from ACPI; if necessary, use "pci=nocrs" and report a bug
[    0.064148] ACPI: Enabled 2 GPEs in block 00 to 07
[    0.070853] ACPI: PCI Root Bridge [PCI0] (domain 0000 [bus 00-ff])
[    0.071681] acpi PNP0A03:00: _OSC: OS supports [ASPM ClockPM Segments MSI]
[    0.072453] acpi PNP0A03:00: _OSC: not requesting OS control; OS requires [ExtendedConfig ASPM ClockPM MSI]
[    0.073741] acpi PNP0A03:00: fail to add MMCONFIG information, can't access extended PCI configuration space under this bridge.
[    0.076131] PCI host bridge to bus 0000:00
[    0.076720] pci_bus 0000:00: root bus resource [io  0x0000-0x0cf7 window]
[    0.077658] pci_bus 0000:00: root bus resource [io  0x0d00-0xffff window]
[    0.078555] pci_bus 0000:00: root bus resource [mem 0x000a0000-0x000bffff window]
[    0.079589] pci_bus 0000:00: root bus resource [mem 0x40000000-0xfdffffff window]
[    0.080004] pci_bus 0000:00: root bus resource [bus 00-ff]
[    0.082411] pci 0000:00:01.1: legacy IDE quirk: reg 0x10: [io  0x01f0-0x01f7]
[    0.084003] pci 0000:00:01.1: legacy IDE quirk: reg 0x14: [io  0x03f6]
[    0.084876] pci 0000:00:01.1: legacy IDE quirk: reg 0x18: [io  0x0170-0x0177]
[    0.085837] pci 0000:00:01.1: legacy IDE quirk: reg 0x1c: [io  0x0376]
[    0.107017] pci 0000:00:07.0: quirk: [io  0x4000-0x403f] claimed by PIIX4 ACPI
[    0.108000] pci 0000:00:07.0: quirk: [io  0x4100-0x410f] claimed by PIIX4 SMB
[    0.116342] ACPI: PCI Interrupt Link [LNKA] (IRQs 5 9 10 *11)
[    0.117702] ACPI: PCI Interrupt Link [LNKB] (IRQs 5 9 *10 11)
[    0.118628] ACPI: PCI Interrupt Link [LNKC] (IRQs 5 *9 10 11)
[    0.120073] ACPI: PCI Interrupt Link [LNKD] (IRQs 5 9 10 *11)
[    0.121410] SCSI subsystem initialized
[    0.122003] pci 0000:00:02.0: vgaarb: setting as boot VGA device
[    0.122003] pci 0000:00:02.0: vgaarb: VGA device added: decodes=io+mem,owns=io+mem,locks=none
[    0.124011] pci 0000:00:02.0: vgaarb: bridge control possible
[    0.124842] vgaarb: loaded
[    0.125382] ACPI: bus type USB registered
[    0.125976] usbcore: registered new interface driver usbfs
[    0.126751] usbcore: registered new interface driver hub
[    0.128016] usbcore: registered new device driver usb
[    0.128769] EDAC MC: Ver: 3.0.0
[    0.128769] PCI: Using ACPI for IRQ routing
[    0.128914] NetLabel: Initializing
[    0.129461] NetLabel:  domain hash size = 128
[    0.130068] NetLabel:  protocols = UNLABELED CIPSOv4 CALIPSO
[    0.132023] NetLabel:  unlabeled traffic allowed by default
[    0.132802] clocksource: Switched to clocksource kvm-clock
[    0.144744] VFS: Disk quotas dquot_6.6.0
[    0.145375] VFS: Dquot-cache hash table entries: 512 (order 0, 4096 bytes)
[    0.146619] AppArmor: AppArmor Filesystem Enabled
[    0.147387] pnp: PnP ACPI init
[    0.148785] pnp: PnP ACPI: found 3 devices
[    0.158298] clocksource: acpi_pm: mask: 0xffffff max_cycles: 0xffffff, max_idle_ns: 2085701024 ns
[    0.159673] NET: Registered protocol family 2
[    0.161691] TCP established hash table entries: 8192 (order: 4, 65536 bytes)
[    0.162647] TCP bind hash table entries: 8192 (order: 5, 131072 bytes)
[    0.163609] TCP: Hash tables configured (established 8192 bind 8192)
[    0.164644] UDP hash table entries: 512 (order: 2, 16384 bytes)
[    0.165455] UDP-Lite hash table entries: 512 (order: 2, 16384 bytes)
[    0.166319] NET: Registered protocol family 1
[    0.166962] pci 0000:00:00.0: Limiting direct PCI/PCI transfers
[    0.167780] pci 0000:00:01.0: Activating ISA DMA hang workarounds
[    0.168794] pci 0000:00:02.0: Video device with shadowed ROM at [mem 0x000c0000-0x000dffff]
[    0.170052] Unpacking initramfs...
[    0.443696] Freeing initrd memory: 19136K
[    0.444534] clocksource: tsc: mask: 0xffffffffffffffff max_cycles: 0x2564143601c, max_idle_ns: 440795231101 ns
[    0.445923] platform rtc_cmos: registered platform RTC device (no PNP device found)
[    0.447071] Scanning for low memory corruption every 60 seconds
[    0.449131] Initialise system trusted keyrings
[    0.449767] Key type blacklist registered
[    0.450404] workingset: timestamp_bits=36 max_order=18 bucket_order=0
[    0.452139] zbud: loaded
[    0.453033] squashfs: version 4.0 (2009/01/31) Phillip Lougher
[    0.454123] fuse init (API version 7.26)
[    0.457246] Key type asymmetric registered
[    0.457858] Asymmetric key parser 'x509' registered
[    0.458598] Block layer SCSI generic (bsg) driver version 0.4 loaded (major 246)
[    0.459692] io scheduler noop registered
[    0.460301] io scheduler deadline registered
[    0.461051] io scheduler cfq registered (default)
[    0.462138] ACPI: AC Adapter [AC] (on-line)
[    0.462822] input: Power Button as /devices/LNXSYSTM:00/LNXPWRBN:00/input/input0
[    0.464043] ACPI: Power Button [PWRF]
[    0.464795] input: Sleep Button as /devices/LNXSYSTM:00/LNXSLPBN:00/input/input1
[    0.465924] ACPI: Sleep Button [SLPF]
[    0.467582] ACPI: Battery Slot [BAT0] (battery present)
[    0.468484] Serial: 8250/16550 driver, 32 ports, IRQ sharing enabled
[    0.490098] 00:02: ttyS0 at I/O 0x3f8 (irq = 4, base_baud = 115200) is a 16550A
[    0.492647] Linux agpgart interface v0.103
[    0.494497] loop: module loaded
[    0.495558] scsi host0: ata_piix
[    0.496173] scsi host1: ata_piix
[    0.496690] ata1: PATA max UDMA/33 cmd 0x1f0 ctl 0x3f6 bmdma 0xd000 irq 14
[    0.497608] ata2: PATA max UDMA/33 cmd 0x170 ctl 0x376 bmdma 0xd008 irq 15
[    0.498672] libphy: Fixed MDIO Bus: probed
[    0.499350] tun: Universal TUN/TAP device driver, 1.6
[    0.500099] PPP generic driver version 2.4.2
[    0.500808] ehci_hcd: USB 2.0 'Enhanced' Host Controller (EHCI) Driver
[    0.501701] ehci-pci: EHCI PCI platform driver
[    0.502362] ehci-platform: EHCI generic platform driver
[    0.503085] ohci_hcd: USB 1.1 'Open' Host Controller (OHCI) Driver
[    0.503987] ohci-pci: OHCI PCI platform driver
[    0.504706] ohci-platform: OHCI generic platform driver
[    0.505422] uhci_hcd: USB Universal Host Controller Interface driver
[    0.506309] i8042: PNP: PS/2 Controller [PNP0303:PS2K,PNP0f03:PS2M] at 0x60,0x64 irq 1,12
[    0.507882] serio: i8042 KBD port at 0x60,0x64 irq 1
[    0.508616] serio: i8042 AUX port at 0x60,0x64 irq 12
[    0.509386] mousedev: PS/2 mouse device common for all mice
[    0.510445] input: AT Translated Set 2 keyboard as /devices/platform/i8042/serio0/input/input2
[    0.511921] rtc_cmos rtc_cmos: rtc core: registered rtc_cmos as rtc0
[    0.512866] rtc_cmos rtc_cmos: alarms up to one day, 114 bytes nvram
[    0.513720] i2c /dev entries driver
[    0.514276] device-mapper: uevent: version 1.0.3
[    0.514990] device-mapper: ioctl: 4.37.0-ioctl (2017-09-20) initialised: dm-devel@redhat.com
[    0.516188] ledtrig-cpu: registered to indicate activity on CPUs
[    0.517306] NET: Registered protocol family 10
[    0.521110] Segment Routing with IPv6
[    0.521680] NET: Registered protocol family 17
[    0.522358] Key type dns_resolver registered
[    0.523114] RAS: Correctable Errors collector initialized.
[    0.523874] sched_clock: Marking stable (523041704, 0)->(754373606, -231331902)
[    0.525258] registered taskstats version 1
[    0.525851] Loading compiled-in X.509 certificates
[    0.528568] Loaded X.509 cert 'Build time autogenerated kernel key: e343dd3e31c9820cf0adf0156bc2eecdcfc394af'
[    0.529936] zswap: loaded using pool lzo/zbud
[    0.533348] Key type big_key registered
[    0.533929] Key type trusted registered
[    0.535792] Key type encrypted registered
[    0.536449] AppArmor: AppArmor sha1 policy hashing enabled
[    0.537236] ima: No TPM chip found, activating TPM-bypass! (rc=-19)
[    0.538081] ima: Allocated hash algorithm: sha1
[    0.538735] evm: HMAC attrs: 0x1
[    0.539510]   Magic number: 15:793:883
[    0.540215] rtc_cmos rtc_cmos: setting system clock to 2019-08-17 11:53:56 UTC (1566042836)
[    0.541453] BIOS EDD facility v0.16 2004-Jun-25, 0 devices found
[    0.542262] EDD information not available.
[    0.662722] Freeing unused kernel image memory: 2424K
[    0.676560] Write protecting the kernel read-only data: 20480k
[    0.678166] Freeing unused kernel image memory: 2008K
[    0.679353] Freeing unused kernel image memory: 1864K
[    0.686242] x86/mm: Checked W+X mappings: passed, no W+X pages found.
[    0.687279] x86/mm: Checking user space page tables
[    0.693775] x86/mm: Checked W+X mappings: passed, no W+X pages found.
Loading, please wait...
starting version 237
[    0.803944] e1000: Intel(R) PRO/1000 Network Driver - version 7.3.21-k8-NAPI
[    0.805474] e1000: Copyright (c) 1999-2006 Intel Corporation.
[    0.806691] Fusion MPT base driver 3.04.20
[    0.808007] Copyright (c) 1999-2008 LSI Corporation
[    0.833791] Fusion MPT SPI Host driver 3.04.20
[    0.836245] AVX2 version of gcm_enc/dec engaged.
[    0.838144] AES CTR mode by8 optimization enabled
[    1.016676] input: ImExPS/2 Generic Explorer Mouse as /devices/platform/i8042/serio1/input/input4
[    1.203692] e1000 0000:00:03.0 eth0: (PCI:33MHz:32-bit) 02:cc:50:df:d9:b9
[    1.204885] e1000 0000:00:03.0 eth0: Intel(R) PRO/1000 Network Connection
[    1.207282] mptbase: ioc0: Initiating bringup
[    1.208388] e1000 0000:00:03.0 enp0s3: renamed from eth0
[    1.304252] ioc0: LSI53C1030 A0: Capabilities={Initiator}
[    1.557960] scsi host2: ioc0: LSI53C1030 A0, FwRev=00000000h, Ports=1, MaxQ=256, IRQ=20
[    1.724643] scsi 2:0:0:0: Direct-Access     VBOX     HARDDISK         1.0  PQ: 0 ANSI: 5
[    2.417847] scsi target2:0:0: Beginning Domain Validation
[    2.419868] scsi target2:0:0: Domain Validation skipping write tests
[    2.420722] scsi target2:0:0: Ending Domain Validation
[    2.421442] scsi target2:0:0: asynchronous
[    2.422312] scsi 2:0:1:0: Direct-Access     VBOX     HARDDISK         1.0  PQ: 0 ANSI: 5
[    3.202427] scsi target2:0:1: Beginning Domain Validation
[    3.205023] random: fast init done
[    3.205829] scsi target2:0:1: Domain Validation skipping write tests
[    3.206932] scsi target2:0:1: Ending Domain Validation
[    3.208022] scsi target2:0:1: asynchronous
[    3.214383] random: systemd-udevd: uninitialized urandom read (16 bytes read)
[    3.214515] sd 2:0:0:0: Attached scsi generic sg0 type 0
[    3.217780] random: systemd-udevd: uninitialized urandom read (16 bytes read)
[    3.218887] sd 2:0:0:0: [sda] 20971520 512-byte logical blocks: (10.7 GB/10.0 GiB)
[    3.219995] random: systemd-udevd: uninitialized urandom read (16 bytes read)
[    3.221495] sd 2:0:0:0: [sda] Write Protect is off
[    3.223721] sd 2:0:1:0: Attached scsi generic sg1 type 0
[    3.223902] sd 2:0:0:0: [sda] Incomplete mode parameter data
[    3.225938] sd 2:0:0:0: [sda] Assuming drive cache: write through
[    3.227407] sd 2:0:1:0: [sdb] 20480 512-byte logical blocks: (10.5 MB/10.0 MiB)
[    3.229133] sd 2:0:1:0: [sdb] Write Protect is off
[    3.230200] sd 2:0:1:0: [sdb] Incomplete mode parameter data
[    3.232072] sd 2:0:1:0: [sdb] Assuming drive cache: write through
[    3.249794]  sda: sda1
[    3.252164] sd 2:0:0:0: [sda] Attached SCSI disk
[    3.295516] sd 2:0:1:0: [sdb] Attached SCSI disk
Begin: Loading essential drivers ... [    5.000022] raid6: sse2x1   gen() 10278 MB/s
[    5.048490] raid6: sse2x1   xor()  7276 MB/s
[    5.096021] raid6: sse2x2   gen() 12323 MB/s
[    5.144535] raid6: sse2x2   xor()  8102 MB/s
[    5.192026] raid6: sse2x4   gen() 14578 MB/s
[    5.240049] raid6: sse2x4   xor()  9174 MB/s
[    5.288037] raid6: avx2x1   gen() 20325 MB/s
[    5.336041] raid6: avx2x1   xor() 12729 MB/s
[    5.384057] raid6: avx2x2   gen() 20472 MB/s
[    5.433158] raid6: avx2x2   xor() 10574 MB/s
[    5.480070] raid6: avx2x4   gen() 17856 MB/s
[    5.528160] raid6: avx2x4   xor() 10438 MB/s
[    5.529348] raid6: using algorithm avx2x2 gen() 20472 MB/s
[    5.530852] raid6: .... xor() 10574 MB/s, rmw enabled
[    5.531964] raid6: using avx2x2 recovery algorithm
[    5.535735] xor: automatically using best checksumming function   avx       
[    5.539782] async_tx: api initialized (async)
done.
Begin: Running /scripts/init-premount ... done.
Begin: Mounting root file system ... Begin: Running /scripts/local-top ... done.
Begin: Running /scripts/local-premount ... [    5.611951] Btrfs loaded, crc32c=crc32c-intel
Scanning for Btrfs filesystems
done.
Warning: fsck not present, so skipping root file system
[    5.683643] EXT4-fs (sda1): mounted filesystem with ordered data mode. Opts: (null)
done.
Begin: Running /scripts/local-bottom ... done.
Begin: Running /scripts/init-bottom ... done.
[    7.384743] random: crng init done
[    7.385713] random: 7 urandom warning(s) missed due to ratelimiting
[    7.412816] ip_tables: (C) 2000-2006 Netfilter Core Team
[    7.637609] systemd[1]: systemd 237 running in system mode. (+PAM +AUDIT +SELINUX +IMA +APPARMOR +SMACK +SYSVINIT +UTMP +LIBCRYPTSETUP +GCRYPT +GNUTLS +ACL +XZ +LZ4 +SECCOMP +BLKID +ELFUTILS +KMOD -IDN2 +IDN -PCRE2 default-hierarchy=hybrid)
[    7.640627] systemd[1]: Detected virtualization oracle.
[    7.641371] systemd[1]: Detected architecture x86-64.

Welcome to [1mUbuntu 18.04.3 LTS[0m!

[    7.753666] systemd[1]: Set hostname to <ubuntu>.
[    7.805720] systemd[1]: Initializing machine ID from random generator.
[    7.806754] systemd[1]: Installed transient /etc/machine-id file.
[   10.568411] systemd[1]: Created slice User and Session Slice.
[[0;32m  OK  [0m] Created slice User and Session Slice.
[   10.570043] systemd[1]: Reached target Swap.
[[0;32m  OK  [0m] Reached target Swap.
[   10.571206] systemd[1]: Reached target User and Group Name Lookups.
[[0;32m  OK  [0m] Reached target User and Group Name Lookups.
[   10.572612] systemd[1]: Reached target System Time Synchronized.
[[0;32m  OK  [0m] Reached target System Time Synchronized.
[[0;32m  OK  [0m] Created slice System Slice.
[[0;32m  OK  [0m] Listening on Journal Audit Socket.
[[0;32m  OK  [0m] Listening on /dev/initctl Compatibility Named Pipe.
[[0;32m  OK  [0m] Listening on Device-mapper event daemon FIFOs.
[[0;32m  OK  [0m] Listening on Network Service Netlink Socket.
[[0;32m  OK  [0m] Listening on Journal Socket (/dev/log).
[[0;32m  OK  [0m] Listening on udev Control Socket.
[[0;32m  OK  [0m] Listening on Syslog Socket.
[[0;32m  OK  [0m] Listening on udev Kernel Socket.
[[0;32m  OK  [0m] Created slice system-serial\x2dgetty.slice.
[[0;32m  OK  [0m] Set up automount Arbitrary Executabâ€¦rmats File System Automount Point.
[[0;32m  OK  [0m] Listening on LVM2 poll daemon socket.
[[0;32m  OK  [0m] Listening on Journal Socket.
         Starting Load Kernel Modules...
         Starting Journal Service...
         Starting Uncomplicated firewall...
         Starting Remount Root and Kernel File Systems...
         Mounting Kernel Debug File System...
         Starting Create list of required stâ€¦ce nodes for the current kernel...
         Mounting POSIX Message Queue File System...
         Starting udev Coldplug all Devices...
         Starting Set the console keyboard layout...
         Mounting Huge Pages File System...
[[0;32m  OK  [0m] Started Forward Password Requests to Wall Directory Watch.
[[0;32m  OK  [0m] Reached target Slices.
[[0;32m  OK  [0m] Listening on LVM2 metadata daemon socket.
         Starting Monitoring of LVM2 mirrorsâ€¦ng dmeventd or progress polling...
[   10.893261] Loading iSCSI transport class v2.0-870.
[[0;32m  OK  [0m] Started Uncomplicated firewall.
[[0;32m  OK  [0m] Started Create list of required staâ€¦vice nodes for the current kernel.
         Starting Create Static Device Nodes in /dev...
[[0;32m  OK  [0m] Started udev Coldplug all Devices.
[   11.483226] iscsi: registered transport (tcp)
[[0;32m  OK  [0m] Mounted Huge Pages File System.
[[0;32m  OK  [0m] Mounted Kernel Debug File System.
[[0;32m  OK  [0m] Mounted POSIX Message Queue File System.
[[0;32m  OK  [0m] Started Journal Service.
[   11.868847] iscsi: registered transport (iser)
[[0;32m  OK  [0m] Started Load Kernel Modules.
         Mounting Kernel Configuration File System...
         Starting Apply Kernel Variables...
         Mounting FUSE Control File System...
[[0;32m  OK  [0m] Mounted Kernel Configuration File System.
[[0;32m  OK  [0m] Mounted FUSE Control File System.
[   11.926137] EXT4-fs (sda1): re-mounted. Opts: (null)
[[0;32m  OK  [0m] Started Remount Root and Kernel File Systems.
         Starting Flush Journal to Persistent Storage...
         Starting Load/Save Random Seed...
[[0;32m  OK  [0m] Started Apply Kernel Variables.
[[0;32m  OK  [0m] Started LVM2 metadata daemon.
[[0;32m  OK  [0m] Started Create Static Device Nodes in /dev.
         Starting udev Kernel Device Manager...
[[0;32m  OK  [0m] Started Load/Save Random Seed.
[[0;32m  OK  [0m] Started Flush Journal to Persistent Storage.
[[0;32m  OK  [0m] Started Monitoring of LVM2 mirrors,â€¦sing dmeventd or progress polling.
[[0;32m  OK  [0m] Started udev Kernel Device Manager.
[[0;32m  OK  [0m] Found device /dev/ttyS0.
[[0;32m  OK  [0m] Listening on Load/Save RF Kill Switch Status /dev/rfkill Watch.
[[0;32m  OK  [0m] Started Set the console keyboard layout.
[[0;32m  OK  [0m] Started Dispatch Password Requests to Console Directory Watch.
[[0;32m  OK  [0m] Reached target Local Encrypted Volumes.
[[0;32m  OK  [0m] Reached target Local File Systems (Pre).
[[0;32m  OK  [0m] Reached target Local File Systems.
         Starting AppArmor initialization...
         Starting Commit a transient machine-id on disk...
         Starting Create Volatile Files and Directories...
         Starting Tell Plymouth To Write Out Runtime Data...
         Starting Set console font and keymap...
         Starting ebtables ruleset management...
[[0;32m  OK  [0m] Started Tell Plymouth To Write Out Runtime Data.
[[0;32m  OK  [0m] Started Set console font and keymap.
[[0;32m  OK  [0m] Started Create Volatile Files and Directories.
         Starting Update UTMP about System Boot/Shutdown...
[[0;32m  OK  [0m] Started Update UTMP about System Boot/Shutdown.
[[0;32m  OK  [0m] Started Commit a transient machine-id on disk.
[[0;32m  OK  [0m] Started ebtables ruleset management.
[[0;32m  OK  [0m] Started AppArmor initialization.
         Starting Initial cloud-init job (pre-networking)...
[   25.086099] cloud-init[709]: Cloud-init v. 19.1-1-gbaa47854-0ubuntu1~18.04.1 running 'init-local' at Sat, 17 Aug 2019 11:54:19 +0000. Up 23.78 seconds.
[[0;32m  OK  [0m] Started Initial cloud-init job (pre-networking).
[[0;32m  OK  [0m] Reached target Network (Pre).
         Starting Network Service...
[[0;32m  OK  [0m] Started Network Service.
         Starting Wait for Network to be Configured...
         Starting Network Name Resolution...
[[0;32m  OK  [0m] Started Network Name Resolution.
[[0;32m  OK  [0m] Reached target Host and Network Name Lookups.
[[0;32m  OK  [0m] Reached target Network.
[[0;32m  OK  [0m] Started Wait for Network to be Configured.
         Starting Initial cloud-init job (metadata service crawler)...
[   28.125758] cloud-init[832]: Cloud-init v. 19.1-1-gbaa47854-0ubuntu1~18.04.1 running 'init' at Sat, 17 Aug 2019 11:54:23 +0000. Up 27.87 seconds.
[   28.128480] cloud-init[832]: ci-info: ++++++++++++++++++++++++++++++++++++++Net device info++++++++++++++++++++++++++++++++++++++
[   28.130492] cloud-init[832]: ci-info: +--------+------+----------------------------+---------------+--------+-------------------+
[   28.132458] cloud-init[832]: ci-info: | Device |  Up  |          Address           |      Mask     | Scope  |     Hw-Address    |
[   28.134927] cloud-init[832]: ci-info: +--------+------+----------------------------+---------------+--------+-------------------+
[   28.136644] cloud-init[832]: ci-info: | enp0s3 | True |         10.0.2.15          | 255.255.255.0 | global | 02:cc:50:df:d9:b9 |
[   28.139563] cloud-init[832]: ci-info: | enp0s3 | True | fe80::cc:50ff:fedf:d9b9/64 |       .       |  link  | 02:cc:50:df:d9:b9 |
[   28.141417] cloud-init[832]: ci-info: |   lo   | True |         127.0.0.1          |   255.0.0.0   |  host  |         .         |
[   28.143136] cloud-init[832]: ci-info: |   lo   | True |          ::1/128           |       .       |  host  |         .         |
[   28.145822] cloud-init[832]: ci-info: +--------+------+----------------------------+---------------+--------+-------------------+
[   28.156576] cloud-init[832]: ci-info: ++++++++++++++++++++++++++++Route IPv4 info+++++++++++++++++++++++++++++
[   28.158070] cloud-init[832]: ci-info: +-------+-------------+----------+-----------------+-----------+-------+
[   28.159396] cloud-init[832]: ci-info: | Route | Destination | Gateway  |     Genmask     | Interface | Flags |
[   28.160800] cloud-init[832]: ci-info: +-------+-------------+----------+-----------------+-----------+-------+
[   28.162387] cloud-init[832]: ci-info: |   0   |   0.0.0.0   | 10.0.2.2 |     0.0.0.0     |   enp0s3  |   UG  |
[   28.163811] cloud-init[832]: ci-info: |   1   |   10.0.2.0  | 0.0.0.0  |  255.255.255.0  |   enp0s3  |   U   |
[   28.165290] cloud-init[832]: ci-info: |   2   |   10.0.2.2  | 0.0.0.0  | 255.255.255.255 |   enp0s3  |   UH  |
[   28.166719] cloud-init[832]: ci-info: +-------+-------------+----------+-----------------+-----------+-------+
[   28.168114] cloud-init[832]: ci-info: +++++++++++++++++++Route IPv6 info+++++++++++++++++++
[   28.169350] cloud-init[832]: ci-info: +-------+-------------+---------+-----------+-------+
[   28.170707] cloud-init[832]: ci-info: | Route | Destination | Gateway | Interface | Flags |
[   28.172266] cloud-init[832]: ci-info: +-------+-------------+---------+-----------+-------+
[   28.173704] cloud-init[832]: ci-info: |   1   |  fe80::/64  |    ::   |   enp0s3  |   U   |
[   28.175064] cloud-init[832]: ci-info: |   3   |    local    |    ::   |   enp0s3  |   U   |
[   28.176709] cloud-init[832]: ci-info: |   4   |   ff00::/8  |    ::   |   enp0s3  |   U   |
[   28.178145] cloud-init[832]: ci-info: +-------+-------------+---------+-----------+-------+
[   33.266704] cloud-init[832]: Generating public/private rsa key pair.
[   33.268532] cloud-init[832]: Your identification has been saved in /etc/ssh/ssh_host_rsa_key.
[   33.269844] cloud-init[832]: Your public key has been saved in /etc/ssh/ssh_host_rsa_key.pub.
[   33.271106] cloud-init[832]: The key fingerprint is:
[   33.271852] cloud-init[832]: SHA256:IBB+6WTvSrp7gVrq4ppaWvy2OGJEeJ9ImhPSVxggR3c root@ubuntu-bionic
[   33.273143] cloud-init[832]: The key's randomart image is:
[   33.273980] cloud-init[832]: +---[RSA 2048]----+
[   33.274687] cloud-init[832]: |..*oooE          |
[   33.275413] cloud-init[832]: | + o.o.          |
[   33.276161] cloud-init[832]: |... *..          |
[   33.276899] cloud-init[832]: |+.+=.o .         |
[   33.278174] cloud-init[832]: |o* =... S        |
[   33.278954] cloud-init[832]: |+o+ +.           |
[   33.279829] cloud-init[832]: |.=+ ...          |
[   33.281264] cloud-init[832]: |=*.=o.           |
[   33.281991] cloud-init[832]: |%+=*+.           |
[   33.282692] cloud-init[832]: +----[SHA256]-----+
[   33.283791] cloud-init[832]: Generating public/private dsa key pair.
[   33.284782] cloud-init[832]: Your identification has been saved in /etc/ssh/ssh_host_dsa_key.
[   33.286163] cloud-init[832]: Your public key has been saved in /etc/ssh/ssh_host_dsa_key.pub.
[   33.287497] cloud-init[832]: The key fingerprint is:
[   33.288445] cloud-init[832]: SHA256:ROFtXb+yWRaFeGSUvQecenpFux0by8MUjNL6cMKmn28 root@ubuntu-bionic
[   33.289957] cloud-init[832]: The key's randomart image is:
[   33.291029] cloud-init[832]: +---[DSA 1024]----+
[   33.293346] cloud-init[832]: |        o.  .=B=.|
[   33.296031] cloud-init[832]: |       o . o.=B++|
[   33.297675] cloud-init[832]: |        o + +o +=|
[   33.299074] cloud-init[832]: |       . . *...*=|
[   33.299973] cloud-init[832]: |        S o =++=O|
[   33.300857] cloud-init[832]: |         .  ..BB.|
[   33.301803] cloud-init[832]: |          . .+  .|
[   33.302778] cloud-init[832]: |           o E   |
[   33.303572] cloud-init[832]: |            o.   |
[   33.316380] cloud-init[832]: +----[SHA256]-----+
[   33.328268] cloud-init[832]: Generating public/private ecdsa key pair.
[   33.329275] cloud-init[832]: Your identification has been saved in /etc/ssh/ssh_host_ecdsa_key.
[   33.330557] cloud-init[832]: Your public key has been saved in /etc/ssh/ssh_host_ecdsa_key.pub.
[   33.331850] cloud-init[832]: The key fingerprint is:
[   33.344316] cloud-init[832]: SHA256:Pchwg2HVqXvt9Kasd9OPJaw1b8N7BTGQ+Wt2BkWTT/c root@ubuntu-bionic
[   33.345496] cloud-init[832]: The key's randomart image is:
[   33.346338] cloud-init[832]: +---[ECDSA 256]---+
[   33.346943] cloud-init[832]: |      o... ..+ oo|
[   33.347682] cloud-init[832]: |     . o  o o o.=|
[   33.348441] cloud-init[832]: |      o o.   . =+|
[   33.349181] cloud-init[832]: |       +.+    + E|
[   33.349912] cloud-init[832]: |        S.o.   + |
[   33.350700] cloud-init[832]: |        . ..o.+ +|
[   33.360330] cloud-init[832]: |         . o +*+o|
[   33.360995] cloud-init[832]: |           .oo=O+|
[   33.361694] cloud-init[832]: |          .o++.+B|
[   33.362394] cloud-init[832]: +----[SHA256]-----+
[   33.362976] cloud-init[832]: Generating public/private ed25519 key pair.
[   33.363982] cloud-init[832]: Your identification has been saved in /etc/ssh/ssh_host_ed25519_key.
[   33.376422] cloud-init[832]: Your public key has been saved in /etc/ssh/ssh_host_ed25519_key.pub.
[   33.377892] cloud-init[832]: The key fingerprint is:
[   33.378881] cloud-init[832]: SHA256:d6lzbhxBYrSH5DgVucos2vScGOTUJotX54JPaHJCQuQ root@ubuntu-bionic
[   33.381048] cloud-init[832]: The key's randomart image is:
[   33.382213] cloud-init[832]: +--[ED25519 256]--+
[   33.382949] cloud-init[832]: | ..      .=o     |
[   33.383639] cloud-init[832]: | ..      =+o.    |
[   33.384304] cloud-init[832]: | .E    .o.++.    |
[   33.384829] cloud-init[832]: |  . . + +.o...   |
[   33.385335] cloud-init[832]: |   o = XS+. o.   |
[   33.385872] cloud-init[832]: |    + % *..o.    |
[   33.386389] cloud-init[832]: |     X O oo...   |
[   33.386875] cloud-init[832]: |    . o =  +o    |
[   33.387376] cloud-init[832]: |           ..    |
[   33.387860] cloud-init[832]: +----[SHA256]-----+
[[0;32m  OK  [0m] Started Initial cloud-init job (metadata service crawler).
[[0;32m  OK  [0m] Reached target System Initialization.
[[0;32m  OK  [0m] Started Discard unused blocks once a week.
[[0;32m  OK  [0m] Listening on UUID daemon activation socket.
         Starting LXD - unix socket.
         Starting Socket activation for snappy daemon.
[[0;32m  OK  [0m] Listening on Open-iSCSI iscsid Socket.
[[0;32m  OK  [0m] Started Daily apt download activities.
[[0;32m  OK  [0m] Started Daily apt upgrade and clean activities.
[[0;32m  OK  [0m] Listening on D-Bus System Message Bus Socket.
[[0;32m  OK  [0m] Started Daily Cleanup of Temporary Directories.
[[0;32m  OK  [0m] Started Message of the Day.
[[0;32m  OK  [0m] Listening on ACPID Listen Socket.
[[0;32m  OK  [0m] Started ACPI Events Check.
[[0;32m  OK  [0m] Reached target Paths.
[[0;32m  OK  [0m] Reached target Timers.
[[0;32m  OK  [0m] Reached target Network is Online.
[[0;32m  OK  [0m] Reached target Remote File Systems (Pre).
[[0;32m  OK  [0m] Reached target Remote File Systems.
         Starting Availability of block devices...
[[0;32m  OK  [0m] Reached target Cloud-config availability.
[[0;32m  OK  [0m] Listening on LXD - unix socket.
[[0;32m  OK  [0m] Listening on Socket activation for snappy daemon.
[[0;32m  OK  [0m] Reached target Sockets.
[[0;32m  OK  [0m] Reached target Basic System.
         Starting Login Service...
         Starting Permit User Sessions...
         Starting LSB: automatic crash report generation...
         Starting Virtualbox guest utils...
[[0;32m  OK  [0m] Started irqbalance daemon.
         Starting Accounts Service...
[[0;32m  OK  [0m] Started FUSE filesystem for LXC.
         Starting Dispatcher daemon for systemd-networkd...
[[0;32m  OK  [0m] Started Regular background program processing daemon.
         Starting System Logging Service...
[[0;32m  OK  [0m] Started Deferred execution scheduler.
         Starting LXD - container startup/shutdown...
         Starting Pollinate to seed the pseudo random number generator...
         Starting Snappy daemon...
         Starting LSB: Record successful boot for GRUB...
[[0;32m  OK  [0m] Started D-Bus System Message Bus.
[[0;32m  OK  [0m] Started System Logging Service.
[[0;32m  OK  [0m] Started Availability of block devices.
[[0;32m  OK  [0m] Started Permit User Sessions.
[[0;32m  OK  [0m] Started Login Service.
[[0;32m  OK  [0m] Started Unattended Upgrades Shutdown.
         Starting Hold until boot process finishes up...
         Starting Terminate Plymouth Boot Screen...
[[0;32m  OK  [0m] Started Hold until boot process finishes up.
         Starting Set console scheme...
[[0;32m  OK  [0m] Started Serial Getty on ttyS0.
[[0;32m  OK  [0m] Started Terminate Plymouth Boot Screen.
[[0;32m  OK  [0m] Started Set console scheme.
[[0;32m  OK  [0m] Created slice system-getty.slice.
[[0;32m  OK  [0m] Started Getty on tty1.
[[0;32m  OK  [0m] Reached target Login Prompts.
[[0;32m  OK  [0m] Started LSB: automatic crash report generation.
         Starting Authorization Manager...
[[0;32m  OK  [0m] Started LSB: Record successful boot for GRUB.

Ubuntu 18.04.3 LTS ubuntu-bionic ttyS0

ubuntu-bionic login: [   91.537756] cloud-init[1521]: Cloud-init v. 19.1-1-gbaa47854-0ubuntu1~18.04.1 running 'modules:config' at Sat, 17 Aug 2019 11:55:10 +0000. Up 74.13 seconds.
ci-info: no authorized ssh keys fingerprints found for user ubuntu.
<14>Aug 17 11:55:28 ec2: 
<14>Aug 17 11:55:28 ec2: #############################################################
<14>Aug 17 11:55:28 ec2: -----BEGIN SSH HOST KEY FINGERPRINTS-----
<14>Aug 17 11:55:28 ec2: 1024 SHA256:ROFtXb+yWRaFeGSUvQecenpFux0by8MUjNL6cMKmn28 root@ubuntu-bionic (DSA)
<14>Aug 17 11:55:28 ec2: 256 SHA256:Pchwg2HVqXvt9Kasd9OPJaw1b8N7BTGQ+Wt2BkWTT/c root@ubuntu-bionic (ECDSA)
<14>Aug 17 11:55:28 ec2: 256 SHA256:d6lzbhxBYrSH5DgVucos2vScGOTUJotX54JPaHJCQuQ root@ubuntu-bionic (ED25519)
<14>Aug 17 11:55:28 ec2: 2048 SHA256:IBB+6WTvSrp7gVrq4ppaWvy2OGJEeJ9ImhPSVxggR3c root@ubuntu-bionic (RSA)
<14>Aug 17 11:55:28 ec2: -----END SSH HOST KEY FINGERPRINTS-----
<14>Aug 17 11:55:28 ec2: #############################################################
-----BEGIN SSH HOST KEY KEYS-----
ecdsa-sha2-nistp256 AAAAE2VjZHNhLXNoYTItbmlzdHAyNTYAAAAIbmlzdHAyNTYAAABBBGM9GMJwjrzSx0be9/YqEUG5F9WxGIDyU1KlTA5zWHxrcqd7CLx64Q12nX/DsQpEg7uSSkY/4P/hK0xFhtdcys0= root@ubuntu-bionic
ssh-ed25519 AAAAC3NzaC1lZDI1NTE5AAAAIMrxvUK3tY3KKlo5X/F/Q/F5oxzuKs6YYotup96l8rRq root@ubuntu-bionic
ssh-rsa AAAAB3NzaC1yc2EAAAADAQABAAABAQCxG2OgfhTLBK3BrnLUB6xMo9gdAKaJifodPs3fvSmq8Ao9+LOewVLU4BMeVaWIuX2jwG+fjGEFeWMFUP26p5KIMg8oaazpZXtGA+RWa7xv2Lw2QTS4mivcsAf1+KuncYBJ47VtjspbM/P3Xg4QAu/mAiTqXz4Yze44hVKf8bbazZMO5eE052HsT90g1zSu9g82+UBwuugB+hbOoFNk7nHLghUn8Dkuivl4sE9odrUb2GRxW+frfhz3FwmQY0s3L+hkiC2jsjPqoU/ILLD1Ucfn8Q8vpA9lEGJ4X0Ar1424HunK0JDmM46nzNAjX5FZbcNxsPWFfCtWz4/K2GfSepGZ root@ubuntu-bionic
-----END SSH HOST KEY KEYS-----
[   92.799817] cloud-init[1916]: Cloud-init v. 19.1-1-gbaa47854-0ubuntu1~18.04.1 running 'modules:final' at Sat, 17 Aug 2019 11:55:27 +0000. Up 92.03 seconds.
[   92.802020] cloud-init[1916]: ci-info: no authorized ssh keys fingerprints found for user ubuntu.
[   92.802080] cloud-init[1916]: Cloud-init v. 19.1-1-gbaa47854-0ubuntu1~18.04.1 finished at Sat, 17 Aug 2019 11:55:28 +0000. Datasource DataSourceNoCloud [seed=/dev/sdb][dsmode=net].  Up 92.79 seconds
